PASS  discovered capture surfaces = dispositioned capture surfaces  (27 surfaces)
PASS  discovered mutations = dispositioned mutations  (59 mutations)
PASS  discovered queues = classified queues  (13 queue rows)
PASS  runtime journeys = passed + failed + blocked  ({"PASS":8,"FAIL":6,"BLOCKED":6})
PASS  findings = fixed + partial + present + accepted-risk  (119)
PASS  every UC = complete + partial + missing + blocked  ({"complete":0,"partial":7,"missing":2,"blocked":0})
PASS  no UNKNOWN without explicit blocker
PASS  no NOT_REVIEWED  (301 reviewed topics)
PASS  no duplicate finding IDs
PASS  consolidations point at a kept finding
PASS  every finding has the required fields
PASS  every finding id matches UC-AREA-NNN
PASS  every UC key finding exists
PASS  every remediation-order finding exists
PASS  every open P0/P1 is in the remediation order  (UC-AND-003,UC-CASE-001,UC-EXT-001,UC-EXT-003,UC-IOS-001,UC-IOS-002,UC-IOS-004,UC-OUT-001,UC-PROV-001,UC-STR-001,UC-STR-002)
PASS  every dependsOn resolves
PASS  runtime-bound findings exist
PASS  every blocker names an external proof row
PASS  every command in the ledger has an exit code  (39 commands)
PASS  API integration run executed (not skipped) and green  (463/463)
PASS  independent package recompute passed (incl. negative controls)  (14/14)
PASS  worker run green  (1152/1156 (4 skipped))
PASS  no artifact/render disagreement
PASS  no undefined, placeholder or TODO in final artifacts
C. UNIVERSAL EVIDENCE CAPTURE NOT READY | findings 119 {"P0":0,"P1":11,"P2":55,"P3":53} | journeys {"PASS":8,"FAIL":6,"BLOCKED":6} | byte diffs 0
