   ▲ Next.js 15.5.12

   Creating an optimized production build ...
Browserslist: browsers data (caniuse-lite) is 7 months old. Please run:
  npx update-browserslist-db@latest
  Why you should do it regularly: https://github.com/browserslist/update-db#readme
 ✓ Compiled successfully in 34.7s
   Linting and checking validity of types ...

 ⚠ The Next.js plugin was not detected in your ESLint configuration. See https://nextjs.org/docs/app/api-reference/config/eslint#migrating-existing-config

./app/(app)/admin/operations/page.tsx
585:5  Warning: React Hook useMemo has a missing dependency: 'openRecover'. Either include it or remove the dependency array.  react-hooks/exhaustive-deps

./components/surface/SurfaceGate.tsx
163:9  Warning: The 'decision' conditional could make the dependencies of useEffect Hook (at line 174) change on every render. To fix this, wrap the initialization of 'decision' in its own useMemo() Hook.  react-hooks/exhaustive-deps

info  - Need to disable some ESLint rules? Learn more here: https://nextjs.org/docs/app/api-reference/config/eslint#disabling-rules
   Collecting page data ...
   Generating static pages (0/63) ...
   Generating static pages (15/63) 
   Generating static pages (31/63) 
   Generating static pages (47/63) 
 ✓ Generating static pages (63/63)
   Finalizing page optimization ...
   Collecting build traces ...

Route (app)                                                     Size  First Load JS
┌ ƒ /                                                        6.22 kB         252 kB
├ ƒ /_not-found                                                186 B         102 kB
├ ƒ /about                                                   11.2 kB         254 kB
├ ƒ /abuse-reporting                                           186 B         102 kB
├ ƒ /admin                                                   11.9 kB         217 kB
├ ƒ /admin/adoption                                          6.87 kB         234 kB
├ ƒ /admin/alerts                                            7.72 kB         235 kB
├ ƒ /admin/audit                                             6.86 kB         228 kB
├ ƒ /admin/billing                                           8.86 kB         215 kB
├ ƒ /admin/contact-sales                                     8.62 kB         217 kB
├ ƒ /admin/contact-sales/[id]                                4.83 kB         231 kB
├ ƒ /admin/costs                                             9.29 kB         236 kB
├ ƒ /admin/customers                                         8.92 kB         214 kB
├ ƒ /admin/customers/[id]                                    10.2 kB         226 kB
├ ƒ /admin/dashboard                                         10.3 kB         216 kB
├ ƒ /admin/demo-requests                                     12.7 kB         217 kB
├ ƒ /admin/demo-requests/[id]                                7.76 kB         231 kB
├ ƒ /admin/evidence-ops                                      9.59 kB         201 kB
├ ƒ /admin/evidence-ops/records                              9.52 kB         215 kB
├ ƒ /admin/executive                                         8.64 kB         236 kB
├ ƒ /admin/operations                                        11.8 kB         229 kB
├ ƒ /admin/platform-health                                   8.21 kB         226 kB
├ ƒ /admin/platform/exports                                  7.16 kB         227 kB
├ ƒ /admin/platform/media-graph                              7.76 kB         223 kB
├ ƒ /admin/platform/observability                            10.1 kB         250 kB
├ ƒ /admin/platform/queues                                   7.51 kB         231 kB
├ ƒ /admin/platform/readiness                                7.11 kB         230 kB
├ ƒ /admin/platform/recovery                                 6.81 kB         233 kB
├ ƒ /admin/platform/runbooks                                 3.28 kB         231 kB
├ ● /admin/platform/runbooks/[slug]                          2.53 kB         220 kB
├   ├ /admin/platform/runbooks/audit-chain-drift
├   ├ /admin/platform/runbooks/database-readiness-failure
├   ├ /admin/platform/runbooks/disaster-recovery
├   └ [+30 more paths]
├ ƒ /admin/platform/signers                                  11.1 kB         237 kB
├ ƒ /admin/provisioning                                      10.7 kB         237 kB
├ ƒ /admin/search                                            6.13 kB         229 kB
├ ƒ /admin/support-access                                    13.1 kB         229 kB
├ ƒ /admin/timeline                                          5.02 kB         237 kB
├ ƒ /admin/users                                             11.5 kB         217 kB
├ ƒ /admin/users/[id]                                        12.1 kB         213 kB
├ ƒ /admin/workspaces                                        9.65 kB         215 kB
├ ƒ /admin/workspaces/[id]                                   10.1 kB         211 kB
├ ƒ /api/contact-sales                                         186 B         102 kB
├ ƒ /api/health                                                186 B         102 kB
├ ƒ /api/request-demo                                          186 B         102 kB
├ ○ /apple-icon.png                                              0 B            0 B
├ ƒ /audit-transparency                                      4.99 kB         224 kB
├ ƒ /auth                                                      186 B         102 kB
├ ƒ /auth/callback                                             186 B         102 kB
├ ƒ /auth/callback/ui                                        7.42 kB         236 kB
├ ƒ /auth/mfa-challenge                                      4.59 kB         211 kB
├ ƒ /auth/mfa-recovery/verify                                3.89 kB         110 kB
├ ƒ /auth/verify-email                                       5.17 kB         313 kB
├ ƒ /billing                                                 32.9 kB         290 kB
├ ƒ /budget-center                                           3.78 kB         214 kB
├ ƒ /capture                                                 46.8 kB         297 kB
├ ƒ /cases                                                   13.3 kB         245 kB
├ ƒ /cases/[id]                                              33.5 kB         285 kB
├ ƒ /collaboration-teams                                      8.7 kB         238 kB
├ ƒ /collaboration-teams/[teamId]                            24.1 kB         253 kB
├ ƒ /collaboration-teams/[teamId]/collaboration                567 B         103 kB
├ ƒ /collaboration-teams/invites/[token]/accept              5.56 kB         228 kB
├ ƒ /communications                                          4.45 kB         214 kB
├ ƒ /contact-sales                                           12.3 kB         266 kB
├ ƒ /data-retention                                            186 B         102 kB
├ ƒ /evidence                                                22.7 kB         280 kB
├ ƒ /evidence-lifecycle                                      8.36 kB         226 kB
├ ƒ /evidence-lifecycle/archive                              5.99 kB         224 kB
├ ƒ /evidence-lifecycle/chain-transfers                      5.89 kB         224 kB
├ ƒ /evidence-lifecycle/destruction                          5.72 kB         223 kB
├ ƒ /evidence-lifecycle/legal-holds                          4.89 kB         235 kB
├ ƒ /evidence-lifecycle/retention                            6.69 kB         227 kB
├ ƒ /evidence-lifecycle/webhooks                             7.37 kB         228 kB
├ ƒ /evidence-requests/[id]                                  8.43 kB         237 kB
├ ƒ /evidence/[id]                                           83.2 kB         378 kB
├ ƒ /exchange                                                 7.4 kB         226 kB
├ ƒ /executive                                               4.31 kB         214 kB
├ ƒ /faq                                                      3.5 kB         244 kB
├ ƒ /for-compliance                                            312 B         270 kB
├ ƒ /for-government                                            310 B         270 kB
├ ƒ /for-insurance                                             310 B         270 kB
├ ƒ /for-investigations                                        313 B         270 kB
├ ƒ /for-journalism                                            312 B         270 kB
├ ƒ /for-lawyers                                               310 B         270 kB
├ ƒ /forgot-password                                           186 B         102 kB
├ ƒ /governance                                              14.7 kB         239 kB
├ ƒ /governance-platform                                     6.02 kB         216 kB
├ ƒ /governance-platform/access-reviews                      6.78 kB         226 kB
├ ƒ /governance-platform/access-reviews/[campaignId]         8.39 kB         218 kB
├ ƒ /governance-platform/cross-org                           4.66 kB         227 kB
├ ƒ /governance-platform/delegated-admin                     3.85 kB         223 kB
├ ƒ /governance-platform/departments                         11.5 kB         230 kB
├ ƒ /governance-platform/policies                            8.59 kB         233 kB
├ ƒ /governance/analytics                                    8.74 kB         222 kB
├ ƒ /governance/destruction                                  10.7 kB         241 kB
├ ƒ /governance/lifecycle                                    6.46 kB         223 kB
├ ƒ /governance/notifications                                9.02 kB         222 kB
├ ƒ /governance/policy                                       8.52 kB         231 kB
├ ƒ /governance/retention                                    15.9 kB         241 kB
├ ƒ /health                                                    186 B         102 kB
├ ƒ /home                                                      68 kB         298 kB
├ ○ /icon.png                                                    0 B            0 B
├ ƒ /inbox                                                     205 B         240 kB
├ ƒ /intake-links                                            27.8 kB         251 kB
├ ƒ /intake/[token]                                          10.8 kB         199 kB
├ ƒ /intake/[token]/capture                                    677 B         106 kB
├ ƒ /integrations                                            21.7 kB         238 kB
├ ƒ /intelligence                                            12.8 kB         226 kB
├ ƒ /intelligence-quality                                    6.58 kB         219 kB
├ ƒ /investigation                                           5.95 kB         239 kB
├ ƒ /investigation/cases/[caseId]/graph                      4.58 kB         218 kB
├ ƒ /investigation/duplicates                                5.51 kB         225 kB
├ ƒ /investigation/graph                                     7.39 kB         229 kB
├ ƒ /investigation/relationships                             3.95 kB         223 kB
├ ƒ /investigation/reviewers                                 7.08 kB         226 kB
├ ƒ /investigation/timeline                                  4.44 kB         224 kB
├ ƒ /invite/[token]                                          5.72 kB         248 kB
├ ƒ /legal/[slug]                                            3.88 kB         242 kB
├ ƒ /login                                                   10.9 kB         321 kB
├ ƒ /notifications                                             206 B         240 kB
├ ƒ /operations                                              22.2 kB         252 kB
├ ƒ /operations/analytics                                    5.05 kB         217 kB
├ ƒ /operations/automation                                   18.1 kB         231 kB
├ ƒ /operations/batch-analysis                               4.06 kB         260 kB
├ ƒ /operations/health                                       5.63 kB         225 kB
├ ƒ /operations/quotas                                       2.95 kB         259 kB
├ ƒ /operations/reliability                                  7.76 kB         220 kB
├ ƒ /org-invites/[token]/accept                              2.93 kB         216 kB
├ ƒ /organizations                                           5.32 kB         219 kB
├ ƒ /organizations/[id]                                        13 kB         294 kB
├ ƒ /organizations/[id]/admin                                3.98 kB         227 kB
├ ƒ /organizations/[id]/admin/access-reviews                 4.91 kB         218 kB
├ ƒ /organizations/[id]/admin/audit                          7.14 kB         225 kB
├ ƒ /organizations/[id]/admin/billing                        7.84 kB         218 kB
├ ƒ /organizations/[id]/admin/bulk-invite                    8.49 kB         228 kB
├ ƒ /organizations/[id]/admin/departments                    4.97 kB         218 kB
├ ƒ /organizations/[id]/admin/domains                        7.96 kB         224 kB
├ ƒ /organizations/[id]/admin/governance                     7.82 kB         226 kB
├ ƒ /organizations/[id]/admin/governance/external-reviewers  9.48 kB         223 kB
├ ƒ /organizations/[id]/admin/integrations                   6.69 kB         220 kB
├ ƒ /organizations/[id]/admin/members                        12.9 kB         229 kB
├ ƒ /organizations/[id]/admin/overview                       7.81 kB         226 kB
├ ƒ /organizations/[id]/admin/readiness                      7.21 kB         222 kB
├ ƒ /organizations/[id]/admin/reports                        8.01 kB         221 kB
├ ƒ /organizations/[id]/admin/retention                      6.51 kB         220 kB
├ ƒ /organizations/[id]/admin/roles                          7.75 kB         221 kB
├ ƒ /organizations/[id]/admin/security                       7.95 kB         221 kB
├ ƒ /organizations/[id]/admin/trust                          14.7 kB         234 kB
├ ƒ /organizations/[id]/setup                                13.9 kB         227 kB
├ ƒ /packaging                                               3.61 kB         216 kB
├ ƒ /people                                                  1.83 kB         212 kB
├ ƒ /platform                                                20.6 kB         273 kB
├ ƒ /portal                                                  1.74 kB         118 kB
├ ƒ /portal/[token]                                          3.82 kB         201 kB
├ ƒ /portal/[token]/work/[workflowId]                        5.92 kB         203 kB
├ ƒ /portal/accept/[grantId]                                 3.55 kB         119 kB
├ ƒ /portal/sso/callback/[grantId]                             186 B         102 kB
├ ƒ /pricing                                                   11 kB         254 kB
├ ƒ /privacy                                                   186 B         102 kB
├ ƒ /redaction                                               8.58 kB         225 kB
├ ƒ /redaction/[projectId]                                     20 kB         239 kB
├ ƒ /redaction/policy                                        9.35 kB         225 kB
├ ƒ /register                                                8.82 kB         324 kB
├ ƒ /reports                                                 13.8 kB         242 kB
├ ƒ /request-demo                                            6.54 kB         260 kB
├ ƒ /request-demo/success                                     3.9 kB         242 kB
├ ƒ /reset-password                                          6.27 kB         249 kB
├ ƒ /review                                                  23.9 kB         270 kB
├ ƒ /review/disagreements                                    6.19 kB         235 kB
├ ƒ /review/external                                         13.4 kB         242 kB
├ ƒ /review/metrics                                          7.78 kB         237 kB
├ ƒ /review/operations                                       5.59 kB         219 kB
├ ƒ /review/qc                                               9.12 kB         241 kB
├ ƒ /review/queues                                           12.5 kB         238 kB
├ ƒ /review/schemas                                          9.85 kB         242 kB
├ ƒ /review/workspace                                        20.5 kB         262 kB
├ ƒ /reviewer-ops/[reviewId]                                   19 kB         247 kB
├ ƒ /reviewer-ops/escalations                                6.55 kB         242 kB
├ ƒ /reviewer-ops/queue                                        186 B         102 kB
├ ƒ /reviewer-ops/sla                                        9.22 kB         235 kB
├ ƒ /search                                                  18.9 kB         235 kB
├ ƒ /security-center                                         10.8 kB         241 kB
├ ƒ /security-center/identity                                16.2 kB         245 kB
├ ƒ /security-center/identity/access-reviews                  8.1 kB         227 kB
├ ƒ /security-center/identity/permission-matrix              8.43 kB         227 kB
├ ƒ /security-center/identity/runtime                          11 kB         229 kB
├ ƒ /security-center/identity/scim                           14.4 kB         233 kB
├ ƒ /security-center/identity/sessions                       9.07 kB         241 kB
├ ƒ /security-center/identity/timeline                       6.44 kB         218 kB
├ ƒ /security-center/mfa-recovery                            11.5 kB         225 kB
├ ƒ /security-center/posture                                   13 kB         248 kB
├ ƒ /security-center/sso                                     16.3 kB         243 kB
├ ƒ /security-center/sso/health                              7.19 kB         225 kB
├ ƒ /security-center/sso/mapping                             7.59 kB         228 kB
├ ƒ /settings                                                29.7 kB         315 kB
├ ● /settings/legal/[slug]                                     200 B         219 kB
├   ├ /settings/legal/privacy
├   ├ /settings/legal/terms
├   ├ /settings/legal/cookies
├   └ [+22 more paths]
├ ƒ /settings/notifications/deliveries                       3.35 kB         226 kB
├ ƒ /settings/reviewer-criteria                              5.97 kB         216 kB
├ ƒ /settings/security/saml                                    186 B         102 kB
├ ƒ /share/[id]                                              4.33 kB         245 kB
├ ƒ /subprocessors                                             186 B         102 kB
├ ƒ /support                                                 3.87 kB         242 kB
├ ƒ /teams/[id]                                              23.7 kB         306 kB
├ ƒ /technology                                              19.4 kB         262 kB
├ ƒ /terms                                                     186 B         102 kB
├ ƒ /tools                                                    7.8 kB         221 kB
├ ƒ /trust                                                     158 B         243 kB
├ ƒ /trust-center                                              186 B         102 kB
├ ƒ /trust-center/ai-disclosure                              3.51 kB         225 kB
├ ƒ /trust-center/methodology                                2.65 kB         225 kB
├ ƒ /trust-center/security                                   2.44 kB         224 kB
├ ƒ /trust-center/status                                     2.99 kB         221 kB
├ ƒ /trust-center/subprocessors                              2.21 kB         224 kB
├ ƒ /verify                                                  7.58 kB         250 kB
├ ƒ /verify/[token]                                          37.8 kB         269 kB
├ ƒ /verify/demo                                             10.5 kB         258 kB
├ ƒ /why-proovra                                               159 B         243 kB
├ ƒ /workflows                                               3.59 kB         213 kB
├ ƒ /workflows/[id]                                          5.81 kB         225 kB
└ ƒ /workspaces                                              9.44 kB         225 kB
+ First Load JS shared by all                                 102 kB
  ├ chunks/0cb1d802-fcc068c8944ad62a.js                      54.2 kB
  ├ chunks/5167-db5407ba8983c43b.js                          45.8 kB
  └ other shared chunks (total)                              2.23 kB


ƒ Middleware                                                 36.5 kB

○  (Static)   prerendered as static content
●  (SSG)      prerendered as static HTML (uses generateStaticParams)
ƒ  (Dynamic)  server-rendered on demand

