
> proovra-worker@1.0.0 pretypecheck D:\pv-uca\services\worker
> pnpm run build:deps


> proovra-worker@1.0.0 build:deps D:\pv-uca\services\worker
> pnpm -w run prisma:generate && pnpm --filter @proovra/shared build && pnpm --filter @proovra/shared-evidence-presentation build && pnpm --filter @proovra/shared-billing build && pnpm --filter @proovra/shared-runtime build


> proovra@1.0.0 prisma:generate D:\pv-uca
> pnpm --filter proovra-api prisma:generate


> proovra-api@1.0.0 prisma:generate D:\pv-uca\services\api
> prisma generate

Loaded Prisma config from prisma.config.ts.

Prisma schema loaded from prisma\schema.prisma.

✔ Generated Prisma Client (v7.4.2) to .\..\..\node_modules\.pnpm\@prisma+client@7.4.2_prisma_6f217035126926a7c5f42222be767094\node_modules\@prisma\client in 2.72s

Start by importing your Prisma Client (See: https://pris.ly/d/importing-client)



> @proovra/shared@1.0.0 build D:\pv-uca\packages\shared
> tsc -p tsconfig.build.json


> @proovra/shared-evidence-presentation@1.0.0 build D:\pv-uca\packages\shared-evidence-presentation
> tsc -p tsconfig.build.json


> @proovra/shared-billing@1.0.0 build D:\pv-uca\packages\shared-billing
> pnpm exec tsc -p tsconfig.json


> @proovra/shared-runtime@1.0.0 prebuild D:\pv-uca\packages\shared-runtime
> pnpm run build:deps


> @proovra/shared-runtime@1.0.0 build:deps D:\pv-uca\packages\shared-runtime
> pnpm -w run prisma:generate && pnpm --filter @proovra/shared build


> proovra@1.0.0 prisma:generate D:\pv-uca
> pnpm --filter proovra-api prisma:generate


> proovra-api@1.0.0 prisma:generate D:\pv-uca\services\api
> prisma generate

Loaded Prisma config from prisma.config.ts.

Prisma schema loaded from prisma\schema.prisma.

✔ Generated Prisma Client (v7.4.2) to .\..\..\node_modules\.pnpm\@prisma+client@7.4.2_prisma_6f217035126926a7c5f42222be767094\node_modules\@prisma\client in 2.31s

Start by importing your Prisma Client (See: https://pris.ly/d/importing-client)



> @proovra/shared@1.0.0 build D:\pv-uca\packages\shared
> tsc -p tsconfig.build.json


> @proovra/shared-runtime@1.0.0 build D:\pv-uca\packages\shared-runtime
> pnpm exec tsc -p tsconfig.json


> proovra-worker@1.0.0 typecheck D:\pv-uca\services\worker
> tsc --noEmit

